
Unigraphics NX V12.0 / 2D Exchange

Reading part: F:\Aric xing\FeatureCAM\turn.prt


Writing part: C:\Users\xxy\AppData\Local\Temp\xxy17F0A646tnqk.prt

Elapsed time   :    0 minutes,  1 seconds
Actual CPU Time:    0 minutes,  1 seconds

INFO-
INFO-		Unigraphics Version NX V12.0 to AutoCAD 2004
INFO-		
INFO-
INFO-		Running UGTODXF Translator .....
INFO-
INFO-		Start of Translation: Tue Nov 28 15:36:54 2023
INFO-
STATUS-		Converting C:\Users\xxy\AppData\Local\Temp\xxy17F0A646tnqk.prt
STATUS-
SUMMARY-
SUMMARY-	Summary of Unigraphics Input Entities
SUMMARY-	For Unigraphics File: C:\Users\xxy\AppData\Local\Temp\xxy17F0A646tnqk.prt
SUMMARY-	------------------------------------------------------------------
SUMMARY-	Entity Type					Count
SUMMARY-	------------------------------------------------------------------
SUMMARY-	Line .....................................:	58
SUMMARY-	Point ....................................:	13
SUMMARY-	------------------------------------------------------------------
SUMMARY-	Total ....................................:	71
SUMMARY-	------------------------------------------------------------------
SUMMARY-
STATUS-
INFO-
INFO-		Writing File: F:\Aric xing\FeatureCAM\turn.dxf
SUMMARY-	Summary of AutoCAD Output Entities
SUMMARY-	------------------------------------------------------------------
SUMMARY-	Entity Type					Count
SUMMARY-	------------------------------------------------------------------
SUMMARY-	Point ....................................:	13
SUMMARY-	Line .....................................:	58
SUMMARY-	Layout ...................................:	6
SUMMARY-	------------------------------------------------------------------
SUMMARY-	Total ....................................:	77
SUMMARY-	------------------------------------------------------------------
SUMMARY-
INFO-
INFO-		End of Translation: Tue Nov 28 15:37:25 2023
INFO-		Translation CPU time: 0 m, 31 sINFO-
